🐕 Stock Sentinel 起床中...
📊 8 個の有効な銘柄のデータを取得しています...
[DEBUG FIG] metadata: YMetaData { currency: Some("USD"), symbol: "FIG", exchange_name: "NYQ", instrument_type: "EQUITY", first_trade_date: Some(1753968600), regular_market_time: 1771880402, gmtoffset: -18000, timezone: "EST", exchange_timezone_name: "America/New_York", regular_market_price: 24.75, chart_previous_close: 85.0, previous_close: None, scale: None, price_hint: 2, current_trading_period: CurrentTradingPeriod { pre: PeriodInfo { timezone: "EST", start: 1771923600, end: 1771943400, gmtoffset: -18000 }, regular: PeriodInfo { timezone: "EST", start: 1771943400, end: 1771966800, gmtoffset: -18000 }, post: PeriodInfo { timezone: "EST", start: 1771966800, end: 1771981200, gmtoffset: -18000 } }, trading_periods: TradingPeriods { pre: None, regular: None, post: None }, data_granularity: "1d", range: "", valid_ranges: ["1d", "5d", "1mo", "3mo", "6mo", "1y", "ytd", "max"] }
[DEBUG SPY] metadata: YMetaData { currency: Some("USD"), symbol: "SPY", exchange_name: "PCX", instrument_type: "ETF", first_trade_date: Some(728317800), regular_market_time: 1771880400, gmtoffset: -18000, timezone: "EST", exchange_timezone_name: "America/New_York", regular_market_price: 682.39, chart_previous_close: 507.85, previous_close: None, scale: None, price_hint: 2, current_trading_period: CurrentTradingPeriod { pre: PeriodInfo { timezone: "EST", start: 1771923600, end: 1771943400, gmtoffset: -18000 }, regular: PeriodInfo { timezone: "EST", start: 1771943400, end: 1771966800, gmtoffset: -18000 }, post: PeriodInfo { timezone: "EST", start: 1771966800, end: 1771981200, gmtoffset: -18000 } }, trading_periods: TradingPeriods { pre: None, regular: None, post: None }, data_granularity: "1d", range: "", valid_ranges: ["1d", "5d", "1mo", "3mo", "6mo", "1y", "2y", "5y", "10y", "ytd", "max"] }
UNIVERSE: 8 | VALID: 6 | FORMING: 2 (1E / 1L)
┌──────┬─────────────┬────────────────┬──────────────────────────────────┬───────────────────────────┬───────────────────────────────────────────────────────────────┐
│ 銘柄 │ 趋势 (天数) │ Owner Distance │ 强度 (Z)                         │ 状态 (置信度)             │ 行动建议                                                      │
├──────┼─────────────┼────────────────┼──────────────────────────────────┼───────────────────────────┼───────────────────────────────────────────────────────────────┤
│ TSLA │ ↗ (122d)    │ Dist: -7.1%    │ 1.0σ below equilibrium (Neutral) │ 🟡 pullback               │ Portfolio Allocation: +10% (Buy)                              │
├──────┼─────────────┼────────────────┼──────────────────────────────────┼───────────────────────────┼───────────────────────────────────────────────────────────────┤
│ GOOG │ ↗ (130d)    │ Dist: +7.5%    │ 0.6σ above equilibrium (Neutral) │ 🟢 cruise                 │ Portfolio Allocation: Maintain Full Allocation (Trend Follow) │
├──────┼─────────────┼────────────────┼──────────────────────────────────┼───────────────────────────┼───────────────────────────────────────────────────────────────┤
│ NVDA │ ↘ (15d)     │ Dist: +3.9%    │ 1.4σ above equilibrium (Strong)  │ ⚠️ CAUTION [C150 SAFE]     │ Neutral / Maintain                                            │
├──────┼─────────────┼────────────────┼──────────────────────────────────┼───────────────────────────┼───────────────────────────────────────────────────────────────┤
│ FIG  │ ↘ (3d)      │ Dist: N/A      │ Z-Score: N/A                     │ ⚪ FORMING_EARLY [NO_CMA] │ Allocation: N/A (Observe)                                     │
├──────┼─────────────┼────────────────┼──────────────────────────────────┼───────────────────────────┼───────────────────────────────────────────────────────────────┤
│ SPY  │ ↗ (187d)    │ Dist: +0.0%    │ 0.0σ above equilibrium (Neutral) │ ⚪ FORMING_LATE           │ Allocation: N/A (Observe)                                     │
├──────┼─────────────┼────────────────┼──────────────────────────────────┼───────────────────────────┼───────────────────────────────────────────────────────────────┤
│ MSFT │ ↘ (31d)     │ Dist: -20.6%   │ 2.7σ below equilibrium (Extreme) │ ⚪ fear_downtrend [B200↓] │ Portfolio Allocation: 0-20% (Avoid/Cash)                      │
├──────┼─────────────┼────────────────┼──────────────────────────────────┼───────────────────────────┼───────────────────────────────────────────────────────────────┤
│ U    │ ↘ (10d)     │ Dist: -55.7%   │ 2.1σ below equilibrium (Extreme) │ ⚪ fear_downtrend [B150↓] │ Portfolio Allocation: 0-20% (Avoid/Cash)                      │
├──────┼─────────────┼────────────────┼──────────────────────────────────┼───────────────────────────┼───────────────────────────────────────────────────────────────┤
│ PLTR │ ↘ (21d)     │ Dist: -21.6%   │ 1.8σ below equilibrium (Strong)  │ ⚪ fear_downtrend [B150↓] │ Portfolio Allocation: 0-20% (Avoid/Cash)                      │
└──────┴─────────────┴────────────────┴──────────────────────────────────┴───────────────────────────┴───────────────────────────────────────────────────────────────┘
🌍 Macro Indicators (全域监测)
 • CAPITAL STATE: Trend Dominant (趋势主导 / 复利优先，谨慎加速)
 • Recommended Exposure: 70-80%
 • Exposure Change: Stable
 • Dominance Margin: +1.00 (Absolute) → Stable
 • Market Structure: Late Bull (Uncertain)
 • Regime Age: 2 days 🟡 Newborn (Unstable)
 • Stability:   ▉░░░░░░░░░ 7% (Low Reliability)
 • Capital Flow Vector: Weakening Uptrend ↗️ slowing
 • Action Bias: SELECTIVE ACCUMULATION (ON PULLBACKS) [High Newborn Risk] [LOW STABILITY]
 • GRAVITY POTENTIAL:
████████░░ 1.62 / 2.0
Zone: HIGH

> 📡 Interpretation: 趋势仍主导但引力减速。保持仓位但由于动能衰减，严禁追高。

🧭 今日执行指令 (Final Order)
 • Maintain 70-80% equity exposure.
 • Deploy capital only into pullbacks (TSLA).
 • Do not chase strength.

🎯 Tactical Summary (今日行动要领)
 • 加仓区: TSLA
 • 观察区: NVDA / FIG / SPY
 • 防御区: MSFT / U / PLTR
 • 持有区: GOOG

🔥 Highest Opportunity
 1. TSLA (1.0σ below equilibrium / Bias: Mean Reversion ↑ / Portfolio Allocation: +10% (Buy))

☠️ Highest Risk
 1. MSFT (2.7σ below equilibrium / Bias: Trend Breakdown ↓)
 2. U (2.1σ below equilibrium / Bias: Trend Breakdown ↓)
 3. PLTR (1.8σ below equilibrium / Bias: Trend Breakdown ↓)

🎯 Execution Radar (個別銘柄レーダー)
 > Sorted by: Extreme Opportunities (Fear) > Pullbacks > Optimal > Cruise > Risks/Stable

┌──────┬─────────────┬────────────────┬──────────────────────────────────┬───────────────────────────┬───────────────────────────────────────────────────────────────┐
│ 銘柄 │ 趋势 (天数) │ Owner Distance │ 强度 (Z)                         │ 状态 (置信度)             │ 行动建议                                                      │
├──────┼─────────────┼────────────────┼──────────────────────────────────┼───────────────────────────┼───────────────────────────────────────────────────────────────┤
│ TSLA │ ↗ (122d)    │ Dist: -7.1%    │ 1.0σ below equilibrium (Neutral) │ 🟡 pullback               │ Portfolio Allocation: +10% (Buy)                              │
├──────┼─────────────┼────────────────┼──────────────────────────────────┼───────────────────────────┼───────────────────────────────────────────────────────────────┤
│ GOOG │ ↗ (130d)    │ Dist: +7.5%    │ 0.6σ above equilibrium (Neutral) │ 🟢 cruise                 │ Portfolio Allocation: Maintain Full Allocation (Trend Follow) │
├──────┼─────────────┼────────────────┼──────────────────────────────────┼───────────────────────────┼───────────────────────────────────────────────────────────────┤
│ NVDA │ ↘ (15d)     │ Dist: +3.9%    │ 1.4σ above equilibrium (Strong)  │ ⚠️ CAUTION [C150 SAFE]     │ Neutral / Maintain                                            │
├──────┼─────────────┼────────────────┼──────────────────────────────────┼───────────────────────────┼───────────────────────────────────────────────────────────────┤
│ FIG  │ ↘ (3d)      │ Dist: N/A      │ Z-Score: N/A                     │ ⚪ FORMING_EARLY [NO_CMA] │ Allocation: N/A (Observe)                                     │
├──────┼─────────────┼────────────────┼──────────────────────────────────┼───────────────────────────┼───────────────────────────────────────────────────────────────┤
│ SPY  │ ↗ (187d)    │ Dist: +0.0%    │ 0.0σ above equilibrium (Neutral) │ ⚪ FORMING_LATE           │ Allocation: N/A (Observe)                                     │
├──────┼─────────────┼────────────────┼──────────────────────────────────┼───────────────────────────┼───────────────────────────────────────────────────────────────┤
│ MSFT │ ↘ (31d)     │ Dist: -20.6%   │ 2.7σ below equilibrium (Extreme) │ ⚪ fear_downtrend [B200↓] │ Portfolio Allocation: 0-20% (Avoid/Cash)                      │
├──────┼─────────────┼────────────────┼──────────────────────────────────┼───────────────────────────┼───────────────────────────────────────────────────────────────┤
│ U    │ ↘ (10d)     │ Dist: -55.7%   │ 2.1σ below equilibrium (Extreme) │ ⚪ fear_downtrend [B150↓] │ Portfolio Allocation: 0-20% (Avoid/Cash)                      │
├──────┼─────────────┼────────────────┼──────────────────────────────────┼───────────────────────────┼───────────────────────────────────────────────────────────────┤
│ PLTR │ ↘ (21d)     │ Dist: -21.6%   │ 1.8σ below equilibrium (Strong)  │ ⚪ fear_downtrend [B150↓] │ Portfolio Allocation: 0-20% (Avoid/Cash)                      │
└──────┴─────────────┴────────────────┴──────────────────────────────────┴───────────────────────────┴───────────────────────────────────────────────────────────────┘
✅ レポートが提供されました: ./reports
📤 Telegramにレポートを送信中...
✅ Telegram 通知を 8442596122 に正常に送信しました
